; InGameCC file list - do not delete
gamedata\config\gameplay\dialogs_aes.xml
gamedata\config\gameplay\dialogs_escape.xml
gamedata\config\gameplay\info_closecaption.xml
gamedata\config\gameplay\info_known_objects.xml 
gamedata\config\gameplay\info_portions.xml
gamedata\config\gameplay\storyline_info_closecaption.xml
gamedata\config\gameplay\storyline_info_to_diary.xml
gamedata\config\misc\closecaption.ltx
gamedata\config\scripts\bun_deactivate_radar.ltx
gamedata\config\scripts\sar_decoding.ltx
gamedata\config\scripts\sar_door.ltx
gamedata\config\scripts\sar_monolith.ltx
gamedata\config\text\eng\stable_closecaption.xml
gamedata\config\text\eng\stable_game_credits.xml
gamedata\config\text\rus\stable_closecaption.xml
gamedata\config\text\rus\stable_game_credits.xml
gamedata\config\ui\actor_statistic.xml
gamedata\config\ui\carbody_new_16.xml
gamedata\config\ui\closecaption.xml
gamedata\config\ui\talk.xml
gamedata\config\ui\talk_16.xml
gamedata\config\ui\ui_credits.xml
gamedata\config\ui\ui_custom_msgs.xml
gamedata\config\ui\ui_mm_opt.xml
gamedata\config\ui\ui_movies.xml
gamedata\config\ui\ui_movies10003.xml
gamedata\config\ui\ui_movies10004.xml
gamedata\scripts\closecaption.script
gamedata\scripts\dialogs_aes.script
gamedata\scripts\mob_sound.script
gamedata\scripts\mob_trader.script
gamedata\scripts\sound_theme.script
gamedata\scripts\sr_sound.script
gamedata\scripts\sr_sound2d.script
gamedata\scripts\ui_mm_opt_main.script
gamedata\scripts\ui_mm_opt_sound.script
gamedata\scripts\xr_effects.script
gamedata\scripts\xr_sound.script
gamedata\scripts\yantar_tasks.script
gamedata\sounds\ambient\silence_l.ogg
gamedata\sounds\ambient\silence_r.ogg
gamedata\sounds\characters_voice\scenario\sarcofag\monolith_call_e1_l.ogg
gamedata\sounds\characters_voice\scenario\sarcofag\monolith_call_e1_r.ogg
gamedata\sounds\characters_voice\scenario\sarcofag\monolith_call_e2_l.ogg
gamedata\sounds\characters_voice\scenario\sarcofag\monolith_call_e2_r.ogg
gamedata\sounds\characters_voice\scenario\sarcofag\monolith_call_e3_l.ogg
gamedata\sounds\characters_voice\scenario\sarcofag\monolith_call_e3_r.ogg
gamedata\sounds\characters_voice\scenario\sarcofag\monolith_call_e4_l.ogg
gamedata\sounds\characters_voice\scenario\sarcofag\monolith_call_e4_r.ogg
gamedata\sounds\characters_voice\scenario\sarcofag\monolith_call_e5_l.ogg
gamedata\sounds\characters_voice\scenario\sarcofag\monolith_call_e5_r.ogg
gamedata\sounds\characters_voice\scenario\sarcofag\monolith_call_e6_l.ogg
gamedata\sounds\characters_voice\scenario\sarcofag\monolith_call_e6_r.ogg
gamedata\sounds\characters_voice\scenario\sarcofag\monolith_call_e7_l.ogg
gamedata\sounds\characters_voice\scenario\sarcofag\monolith_call_e7_r.ogg
gamedata\textures\ui\ui_ficsoport_intro.dds
gamedata\textures\ui\ui_font_graff_22_1024.dds
gamedata\textures\ui\ui_font_graff_22_1024.ini
gamedata\textures\ui\ui_font_graff_22_1600.dds
gamedata\textures\ui\ui_font_graff_22_1600.ini
gamedata\textures\ui\ui_font_graff_22_800.dds
gamedata\textures\ui\ui_font_graff_22_800.ini
gamedata\textures\ui\ui_font_graff_32_1024.dds
gamedata\textures\ui\ui_font_graff_32_1024.ini
gamedata\textures\ui\ui_font_graff_32_1600.dds
gamedata\textures\ui\ui_font_graff_32_1600.ini
gamedata\textures\ui\ui_font_graff_32_800.dds
gamedata\textures\ui\ui_font_graff_32_800.ini
gamedata\textures\ui\ui_iconstotal.dds
gamedata\textures\ui\ui_nvidia_intro.dds
